// Jest Snapshot v1, https://goo.gl/fbAQLP

exports[`Test if the Theme Swatch component  is working as expected <ThemeSwatch /> matches snapshot 1`] = `
<div>
   
  <div
    class="theme-swatch"
    data-componentid="theme-swatch"
  >
    <div
      class="theme-preview"
    >
      <div
        class="theme-preview-inner"
      >
        <div
          class="theme-preview-header-nav"
          style="background: rgb(248, 248, 250); border-bottom-color: #e9e9e9;"
        >
          <div
            class="theme-preview-header-nav-close-button"
          />
        </div>
        <div
          class="theme-preview-content"
          style="background: rgb(245, 246, 246);"
        >
          <div
            class="theme-preview-content-row"
          >
            <div
              class="theme-preview-content-placeholder logo-placeholder"
            />
          </div>
          <div
            class="theme-preview-content-row login-box"
          >
            <div
              class="theme-preview-content-placeholder login-box-placeholder"
            >
              <div
                class="theme-preview-content-placeholder heading-placeholder"
              />
              <div
                class="login-box-input"
              >
                <div
                  class="theme-preview-content-placeholder"
                />
              </div>
              <div
                class="login-box-input"
              >
                <div
                  class="theme-preview-content-placeholder"
                />
              </div>
              <div
                class="login-box-input button"
                style="background: rgb(255, 115, 0);"
              >
                <div
                  class="theme-preview-content-placeholder button-text-placeholder"
                />
              </div>
            </div>
          </div>
        </div>
      </div>
    </div>
    <div
      class="theme-swatch-control"
    />
  </div>
   
</div>
`;
